===================================
Wed Jun  3 05:53:59 UTC 2026
Job running on node: brev-leicy8mma
===================================
[DEBUG] Python check:
Python 3.13.12
[DEBUG] PYTHONPATH: :/data/jgu/hozy/min_tarflow
===================================
train.py starts at Wed Jun  3 05:53:59 UTC 2026
===================================
Wandb Settings
===================================
------------------------------------ Config ------------------------------------
attn_head_dim                   : 64
attn_temp                       : 1.0
batch_size                      : 128
cfg_weight                      : 0.0
channel_size                    : 3
class_dropout_prob              : 0.0
compile                         : False
dataset_name                    : imagenet64
epochs                          : 100
ffn_multiplier                  : 4
flow_block_dim                  : 512
generative_model_path           : weights/
img_size                        : 64
lr                              : 0.0001
lr_schedule_type                : wsd
num_attn_layers                 : 4
num_flow_blocks                 : 4
num_samples                     : 10
output_dir                      : results/
patch_size                      : 4
perumtation_type                : flip
resume_wandb_url                : false
sample_batch_size               : 10
sample_freq                     : 10
Number of parameters: 53234048, 53.234048M
Initiate wandb with new run_id : rl8fkmgq
wandb: [wandb.login()] Loaded credentials for https://api.wandb.ai from WANDB_API_KEY.
wandb: Currently logged in as: danielisdan (hozy-university-of-pennsylvania) to https://api.wandb.ai. Use `wandb login --relogin` to force relogin
wandb: setting up run rl8fkmgq
wandb: Tracking run with wandb version 0.27.0
wandb: Run data is saved locally in /data/jgu/hozy/min_tarflow/wandb_logs/wandb/run-20260603_055404-rl8fkmgq
wandb: Run `wandb offline` to turn off syncing.
wandb: Syncing run train
wandb: ⭐️ View project at https://wandb.ai/hozy-university-of-pennsylvania/TARFlow-train-imagenet64-img_size
wandb: 🚀 View run at https://wandb.ai/hozy-university-of-pennsylvania/TARFlow-train-imagenet64-img_size/runs/rl8fkmgq
Saved FID stats file : weights/train_weights_wip/train/imagenet64/rl8fkmgq/lr_schedule_type_wsd/imagenet64_64_fid_stats.pth
[torch.compile] : fin.
  0%|          | 0/100 [00:00<?, ?it/s]  1%|          | 1/100 [00:01<02:32,  1.54s/it]  2%|▏         | 2/100 [00:03<02:37,  1.61s/it]  3%|▎         | 3/100 [00:04<02:18,  1.43s/it]  4%|▍         | 4/100 [00:05<02:13,  1.39s/it]  5%|▌         | 5/100 [00:07<02:13,  1.41s/it]  6%|▌         | 6/100 [00:08<02:04,  1.32s/it]  7%|▋         | 7/100 [00:09<02:00,  1.29s/it]  8%|▊         | 8/100 [00:10<02:00,  1.31s/it]  9%|▉         | 9/100 [00:12<01:59,  1.32s/it]  9%|▉         | 9/100 [00:31<05:18,  3.50s/it]
Traceback (most recent call last):
  File "/data/jgu/hozy/min_tarflow/train.py", line 246, in <module>
    fid_score = fid.compute().item()
                ~~~~~~~~~~~^^
  File "/data/jgu/hozy/min_tarflow/venv/lib/python3.13/site-packages/torchmetrics/metric.py", line 699, in wrapped_func
    value = _squeeze_if_scalar(compute(*args, **kwargs))
                               ~~~~~~~^^^^^^^^^^^^^^^^^
  File "/data/jgu/hozy/min_tarflow/venv/lib/python3.13/site-packages/torchmetrics/image/fid.py", line 412, in compute
    raise RuntimeError("More than one sample is required for both the real and fake distributed to compute FID")
RuntimeError: More than one sample is required for both the real and fake distributed to compute FID
[1;34mwandb[0m: 
[1;34mwandb[0m: 🚀 View run [33mtrain[0m at: [34mhttps://wandb.ai/hozy-university-of-pennsylvania/TARFlow-train-imagenet64-img_size/runs/rl8fkmgq[0m
[1;34mwandb[0m: Find logs at: [1;35mwandb_logs/wandb/run-20260603_055404-rl8fkmgq/logs[0m
-----------------------------------
===================================
Fin at Wed Jun  3 06:04:05 UTC 2026
