===================================
Wed Jun  3 05:52:39 UTC 2026
Job running on node: brev-leicy8mma
===================================
[DEBUG] Python check:
Python 3.13.12
[DEBUG] PYTHONPATH: :/data/jgu/hozy/min_tarflow
===================================
train.py starts at Wed Jun  3 05:52:39 UTC 2026
===================================
Wandb Settings
===================================
------------------------------------ Config ------------------------------------
attn_head_dim                   : 64
attn_temp                       : 1.0
batch_size                      : 128
cfg_weight                      : 0.0
channel_size                    : 3
class_dropout_prob              : 0.0
compile                         : False
dataset_name                    : imagenet64
epochs                          : 100
ffn_multiplier                  : 4
flow_block_dim                  : 1024
generative_model_path           : weights/
img_size                        : 64
lr                              : 0.0001
lr_schedule_type                : wsd
num_attn_layers                 : 8
num_flow_blocks                 : 8
num_samples                     : 10
output_dir                      : results/
patch_size                      : 4
perumtation_type                : flip
resume_wandb_url                : false
sample_batch_size               : 10
sample_freq                     : 10
Number of parameters: 817046272, 817.046272M
Initiate wandb with new run_id : lok9tkfg
wandb: [wandb.login()] Loaded credentials for https://api.wandb.ai from WANDB_API_KEY.
wandb: Currently logged in as: danielisdan (hozy-university-of-pennsylvania) to https://api.wandb.ai. Use `wandb login --relogin` to force relogin
wandb: Tracking run with wandb version 0.27.0
wandb: Run data is saved locally in /data/jgu/hozy/min_tarflow/wandb_logs/wandb/run-20260603_055249-lok9tkfg
wandb: Run `wandb offline` to turn off syncing.
wandb: Syncing run train
wandb: ⭐️ View project at https://wandb.ai/hozy-university-of-pennsylvania/TARFlow-train-imagenet64-img_size
wandb: 🚀 View run at https://wandb.ai/hozy-university-of-pennsylvania/TARFlow-train-imagenet64-img_size/runs/lok9tkfg
Saved FID stats file : weights/train_weights_wip/train/imagenet64/lok9tkfg/lr_schedule_type_wsd/imagenet64_64_fid_stats.pth
[torch.compile] : fin.
  0%|          | 0/100 [00:00<?, ?it/s]  0%|          | 0/100 [00:01<?, ?it/s]
Traceback (most recent call last):
  File "/data/jgu/hozy/min_tarflow/train.py", line 216, in <module>
    loss, (z, outputs, log_dets) = compute_loss(x, y, device, model)
                                   ~~~~~~~~~~~~^^^^^^^^^^^^^^^^^^^^^
  File "/data/jgu/hozy/min_tarflow/train.py", line 189, in compute_loss
    z, outputs, log_dets = model(x, y)
                           ~~~~~^^^^^^
  File "/data/jgu/hozy/min_tarflow/venv/lib/python3.13/site-packages/torch/nn/modules/module.py", line 1778, in _wrapped_call_impl
    return self._call_impl(*args, **kwargs)
           ~~~~~~~~~~~~~~~^^^^^^^^^^^^^^^^^
  File "/data/jgu/hozy/min_tarflow/venv/lib/python3.13/site-packages/torch/nn/modules/module.py", line 1789, in _call_impl
    return forward_call(*args, **kwargs)
  File "/data/jgu/hozy/min_tarflow/models/tarflow.py", line 216, in forward
    x, curr_log_det = flow_block(x, y)
                      ~~~~~~~~~~^^^^^^
  File "/data/jgu/hozy/min_tarflow/venv/lib/python3.13/site-packages/torch/nn/modules/module.py", line 1778, in _wrapped_call_impl
    return self._call_impl(*args, **kwargs)
           ~~~~~~~~~~~~~~~^^^^^^^^^^^^^^^^^
  File "/data/jgu/hozy/min_tarflow/venv/lib/python3.13/site-packages/torch/nn/modules/module.py", line 1789, in _call_impl
    return forward_call(*args, **kwargs)
  File "/data/jgu/hozy/min_tarflow/models/tarflow.py", line 85, in forward
    z = transformer(z, self.attn_mask, self.attn_temp, self.freqs_cis)
  File "/data/jgu/hozy/min_tarflow/venv/lib/python3.13/site-packages/torch/nn/modules/module.py", line 1778, in _wrapped_call_impl
    return self._call_impl(*args, **kwargs)
           ~~~~~~~~~~~~~~~^^^^^^^^^^^^^^^^^
  File "/data/jgu/hozy/min_tarflow/venv/lib/python3.13/site-packages/torch/nn/modules/module.py", line 1789, in _call_impl
    return forward_call(*args, **kwargs)
  File "/data/jgu/hozy/min_tarflow/models/transformer.py", line 100, in forward
    x = self.ffn(x)
  File "/data/jgu/hozy/min_tarflow/venv/lib/python3.13/site-packages/torch/nn/modules/module.py", line 1778, in _wrapped_call_impl
    return self._call_impl(*args, **kwargs)
           ~~~~~~~~~~~~~~~^^^^^^^^^^^^^^^^^
  File "/data/jgu/hozy/min_tarflow/venv/lib/python3.13/site-packages/torch/nn/modules/module.py", line 1789, in _call_impl
    return forward_call(*args, **kwargs)
  File "/data/jgu/hozy/min_tarflow/models/transformer.py", line 87, in forward
    x = self.w2(x.float()).type(x.dtype)
        ~~~~~~~^^^^^^^^^^^
  File "/data/jgu/hozy/min_tarflow/venv/lib/python3.13/site-packages/torch/nn/modules/module.py", line 1778, in _wrapped_call_impl
    return self._call_impl(*args, **kwargs)
           ~~~~~~~~~~~~~~~^^^^^^^^^^^^^^^^^
  File "/data/jgu/hozy/min_tarflow/venv/lib/python3.13/site-packages/torch/nn/modules/module.py", line 1789, in _call_impl
    return forward_call(*args, **kwargs)
  File "/data/jgu/hozy/min_tarflow/venv/lib/python3.13/site-packages/torch/nn/modules/activation.py", line 816, in forward
    return F.gelu(input, approximate=self.approximate)
           ~~~~~~^^^^^^^^^^^^^^^^^^^^^^^^^^^^^^^^^^^^^
torch.OutOfMemoryError: CUDA out of memory. Tried to allocate 512.00 MiB. GPU 0 has a total capacity of 79.25 GiB of which 195.94 MiB is free. Including non-PyTorch memory, this process has 79.05 GiB memory in use. Of the allocated memory 78.23 GiB is allocated by PyTorch, and 324.22 MiB is reserved by PyTorch but unallocated. If reserved but unallocated memory is large try setting PYTORCH_CUDA_ALLOC_CONF=expandable_segments:True to avoid fragmentation.  See documentation for Memory Management  (https://docs.pytorch.org/docs/stable/notes/cuda.html#optimizing-memory-usage-with-pytorch-cuda-alloc-conf)
[1;34mwandb[0m: 
[1;34mwandb[0m: 🚀 View run [33mtrain[0m at: [34mhttps://wandb.ai/hozy-university-of-pennsylvania/TARFlow-train-imagenet64-img_size/runs/lok9tkfg[0m
[1;34mwandb[0m: Find logs at: [1;35mwandb_logs/wandb/run-20260603_055249-lok9tkfg/logs[0m
-----------------------------------
===================================
Fin at Wed Jun  3 05:52:55 UTC 2026
